// Jest Snapshot v1, https://goo.gl/fbAQLP

exports[`<CloseButton /> CloseButton renders correctly 1`] = `
<button
  className="closeButton"
  onClick={[Function]}
/>
`;
